## ð¤ AI æ¨çç»æï¼DeepSeek äºç«¯æ¨¡åï¼

### æ¥è¯¢
> ??????????

### æ§è¡æ¨¡å¼: PROTECTED_CONTEXT_CLOUD_REASONING
- **è°ç¨æ¹å¼**: DeepSeek APIï¼CSSD ä¿æ¤ä¸ä¸æï¼
- **äºç«¯å¯è§**: ä» Token åå®ä½ + å³ç³»éª¨æ¶

æ¨å¥½ï¼æå·²åå¤å°±ç»ªãè¯·é®æä»ä¹å¯ä»¥å¸®æ¨ï¼

---
### å®å¨éªè¯
- â åºç«çæ§éè¿ï¼CSSD ä¿æ¤ä¸ä¸æï¼
- â ååºéªè¯éè¿
- â å®¡è®¡åå¸é¾è¿ç»­

> ð ææå®ä½ççå®å¼ä»æªç¦»å¼æ¬å°ç¯å¢ï¼äºç«¯ä»å¤ç Token ååçæ½è±¡è¯­ä¹ã
